<?php return array (
  0 => 'Symfony\\Bundle\\FrameworkBundle\\Controller\\AbstractController',
  1 => 'App\\Controller\\ApiController',
  2 => 'App\\Controller\\CalendarController',
  3 => 'App\\Controller\\DonApiController',
  4 => 'App\\Controller\\DonController',
  5 => 'App\\Controller\\EventApiController',
  6 => 'App\\Controller\\EventController',
  7 => 'App\\Controller\\FournisseurController',
  8 => 'App\\Controller\\FrontController',
  9 => 'App\\Controller\\HomeController',
  10 => 'App\\Controller\\MainController',
  11 => 'App\\Controller\\MaterielController',
  12 => 'App\\Controller\\ReclamationController',
  13 => 'App\\Controller\\RegistrationController',
  14 => 'App\\Controller\\ResetPasswordController',
  15 => 'App\\Controller\\SecurityController',
  16 => 'App\\Controller\\StatController',
  17 => 'App\\Controller\\StudentController',
  18 => 'App\\Controller\\UserController',
  19 => 'App\\Controller\\UsersController',
  20 => 'App\\Controller\\UtilisateurApiController',
  21 => 'App\\Entity\\Calendar',
  22 => 'App\\Entity\\Don',
  23 => 'App\\Entity\\EvenLike',
  24 => 'App\\Entity\\Event',
  25 => 'App\\Entity\\Fournisseur',
  26 => 'App\\Entity\\Materiel',
  27 => 'App\\Entity\\Reclamation',
  28 => 'App\\Entity\\ResetPasswordRequest',
  29 => 'App\\Entity\\Student',
  30 => 'App\\Entity\\Users',
  31 => 'Doctrine\\Bundle\\DoctrineBundle\\Controller\\ProfilerController',
  32 => 'Doctrine\\ORM\\Cache\\Persister\\Entity\\AbstractEntityPersister',
  33 => 'Doctrine\\ORM\\Cache\\Persister\\Entity\\CachedEntityPersister',
  34 => 'Doctrine\\ORM\\Cache\\Persister\\Entity\\NonStrictReadWriteCachedEntityPersister',
  35 => 'Doctrine\\ORM\\Cache\\Persister\\Entity\\ReadOnlyCachedEntityPersister',
  36 => 'Doctrine\\ORM\\Cache\\Persister\\Entity\\ReadWriteCachedEntityPersister',
  37 => 'Doctrine\\ORM\\Persisters\\Entity\\AbstractEntityInheritancePersister',
  38 => 'Doctrine\\ORM\\Persisters\\Entity\\BasicEntityPersister',
  39 => 'Doctrine\\ORM\\Persisters\\Entity\\CachedPersisterContext',
  40 => 'Doctrine\\ORM\\Persisters\\Entity\\EntityPersister',
  41 => 'Doctrine\\ORM\\Persisters\\Entity\\JoinedSubclassPersister',
  42 => 'Doctrine\\ORM\\Persisters\\Entity\\SingleTablePersister',
  43 => 'SymfonyCasts\\Bundle\\ResetPassword\\Controller\\ResetPasswordControllerTrait',
  45 => 'Symfony\\Bundle\\FrameworkBundle\\Controller\\ControllerResolver',
  46 => 'Symfony\\Bundle\\FrameworkBundle\\Controller\\RedirectController',
  47 => 'Symfony\\Bundle\\FrameworkBundle\\Controller\\TemplateController',
  48 => 'Symfony\\Bundle\\WebProfilerBundle\\Controller\\ExceptionPanelController',
  49 => 'Symfony\\Bundle\\WebProfilerBundle\\Controller\\ProfilerController',
  50 => 'Symfony\\Bundle\\WebProfilerBundle\\Controller\\RouterController',
  51 => 'Symfony\\Component\\HttpKernel\\Controller\\ArgumentResolver',
  52 => 'Symfony\\Component\\HttpKernel\\Controller\\ArgumentResolverInterface',
  53 => 'Symfony\\Component\\HttpKernel\\Controller\\ArgumentResolver\\DefaultValueResolver',
  54 => 'Symfony\\Component\\HttpKernel\\Controller\\ArgumentResolver\\NotTaggedControllerValueResolver',
  55 => 'Symfony\\Component\\HttpKernel\\Controller\\ArgumentResolver\\RequestAttributeValueResolver',
  56 => 'Symfony\\Component\\HttpKernel\\Controller\\ArgumentResolver\\RequestValueResolver',
  57 => 'Symfony\\Component\\HttpKernel\\Controller\\ArgumentResolver\\ServiceValueResolver',
  58 => 'Symfony\\Component\\HttpKernel\\Controller\\ArgumentResolver\\SessionValueResolver',
  59 => 'Symfony\\Component\\HttpKernel\\Controller\\ArgumentResolver\\TraceableValueResolver',
  60 => 'Symfony\\Component\\HttpKernel\\Controller\\ArgumentResolver\\VariadicValueResolver',
  61 => 'Symfony\\Component\\HttpKernel\\Controller\\ArgumentValueResolverInterface',
  62 => 'Symfony\\Component\\HttpKernel\\Controller\\ContainerControllerResolver',
  63 => 'Symfony\\Component\\HttpKernel\\Controller\\ControllerReference',
  64 => 'Symfony\\Component\\HttpKernel\\Controller\\ControllerResolver',
  65 => 'Symfony\\Component\\HttpKernel\\Controller\\ControllerResolverInterface',
  66 => 'Symfony\\Component\\HttpKernel\\Controller\\ErrorController',
  67 => 'Symfony\\Component\\HttpKernel\\Controller\\TraceableArgumentResolver',
  68 => 'Symfony\\Component\\HttpKernel\\Controller\\TraceableControllerResolver',
  69 => 'Symfony\\Component\\Security\\Http\\Controller\\UserValueResolver',
  70 => 'Twilio\\Rest\\Verify\\V2\\Service\\Entity\\ChallengeContext',
  71 => 'Twilio\\Rest\\Verify\\V2\\Service\\Entity\\ChallengeInstance',
  72 => 'Twilio\\Rest\\Verify\\V2\\Service\\Entity\\ChallengeList',
  73 => 'Twilio\\Rest\\Verify\\V2\\Service\\Entity\\ChallengeOptions',
  74 => 'Twilio\\Rest\\Verify\\V2\\Service\\Entity\\ChallengePage',
  75 => 'Twilio\\Rest\\Verify\\V2\\Service\\Entity\\Challenge\\NotificationInstance',
  76 => 'Twilio\\Rest\\Verify\\V2\\Service\\Entity\\Challenge\\NotificationList',
  77 => 'Twilio\\Rest\\Verify\\V2\\Service\\Entity\\Challenge\\NotificationOptions',
  78 => 'Twilio\\Rest\\Verify\\V2\\Service\\Entity\\Challenge\\NotificationPage',
  79 => 'Twilio\\Rest\\Verify\\V2\\Service\\Entity\\FactorContext',
  80 => 'Twilio\\Rest\\Verify\\V2\\Service\\Entity\\FactorInstance',
  81 => 'Twilio\\Rest\\Verify\\V2\\Service\\Entity\\FactorList',
  82 => 'Twilio\\Rest\\Verify\\V2\\Service\\Entity\\FactorOptions',
  83 => 'Twilio\\Rest\\Verify\\V2\\Service\\Entity\\FactorPage',
  84 => 'Twilio\\Rest\\Verify\\V2\\Service\\Entity\\NewFactorInstance',
  85 => 'Twilio\\Rest\\Verify\\V2\\Service\\Entity\\NewFactorList',
  86 => 'Twilio\\Rest\\Verify\\V2\\Service\\Entity\\NewFactorOptions',
  87 => 'Twilio\\Rest\\Verify\\V2\\Service\\Entity\\NewFactorPage',
);